<html>
<body>
<pre>
<h1>µVision Build Log</h1>
<h2>Tool Versions:</h2>
IDE-Version: ¦ÌVision V5.15
Copyright (C) 2015 ARM Ltd and ARM Germany GmbH. All rights reserved.
License Information: ÕÅ ÑßÇÇ, Î÷µç, LIC=----
 
Tool Versions:
Toolchain:       MDK-Lite  Version: 5.15.0
Toolchain Path:  D:\keil\ARM\ARMCC\Bin
C Compiler:      Armcc.exe V5.05 update 2 (build 169)
Assembler:       Armasm.exe V5.05 update 2 (build 169)
Linker/Locator:  ArmLink.exe V5.05 update 2 (build 169)
Library Manager: ArmAr.exe V5.05 update 2 (build 169)
Hex Converter:   FromElf.exe V5.05 update 2 (build 169)
CPU DLL:         SARMCM3.DLL V5.15.0
Dialog DLL:      DARMSTM.DLL V1.65.0.0
Target DLL:      STLink\ST-LINKIII-KEIL_SWO.dll V2.0.15.0_KEIL
Dialog DLL:      TCM.DLL V1.14.5.0
 
<h2>Project:</h2>
D:\keil\tp\tp4\tp4.uvprojx
Project File Date:  05/18/2023

<h2>Output:</h2>
*** Using Compiler 'V5.05 update 2 (build 169)', folder: 'D:\keil\ARM\ARMCC\Bin'
Rebuild target 'Target 1'
compiling 1.c...
1.c(59): warning:  #1-D: last line of file ends without a newline
  }
1.c(50): warning:  #177-D: variable "d" was declared but never referenced
   char d;
compiling LED.c...
compiling misc.c...
compiling stm32f4xx_rcc.c...
compiling stm32f4xx_tim.c...
compiling stm32f4xx_usart.c...
compiling GPIO_STM32F4xx.c...
assembling startup_stm32f40_41xxx.s...
compiling system_stm32f4xx.c...
linking...
Program Size: Code=1668 RO-data=424 RW-data=16 ZI-data=1632  
".\Objects\tp4.axf" - 0 Error(s), 2 Warning(s).

<h2>Software Packages used:</h2>

Package Vendor: ARM
                http://www.keil.com/pack/ARM.CMSIS.4.3.0.pack
                ARM::CMSIS:CORE:4.1.0
                CMSIS (Cortex Microcontroller Software Interface Standard)
   * Component: CORE Version: 4.1.0

Package Vendor: Keil
                http://www.keil.com/pack/Keil.STM32F4xx_DFP.1.0.8.pack
                Keil::Device:StdPeriph Drivers:Framework:1.3.1
                STMicroelectronics STM32F4 Series Device Support, Drivers and Examples
   * Component: Framework Version: 1.3.1
   * Component: Startup Version: 1.3.1
   * Component: RCC Version: 1.3.0
   * Component: GPIO Version: 1.0.1
   * Component: TIM Version: 1.3.0
   * Component: USART Version: 1.3.0
   * Component: LED Version: 1.0.0

<h2>Collection of Component include folders:</h2>
  D:\keil\tp\tp4\RTE
  D:\keil\tp\tp4\RTE\Device\STM32F407IG
  D:\keil\ARM\PACK\ARM\CMSIS\4.3.0\CMSIS\Include
  D:\keil\ARM\PACK\Keil\STM32F4xx_DFP\1.0.8\Boards\Keil\MCBSTM32F400\Common
  D:\keil\ARM\PACK\Keil\STM32F4xx_DFP\1.0.8\Device\Include
  D:\keil\ARM\PACK\Keil\STM32F4xx_DFP\1.0.8\Device\StdPeriph_Driver\inc
  D:\keil\ARM\PACK\Keil\STM32F4xx_DFP\1.0.8\RTE_Driver

<h2>Collection of Component Files used:</h2>

   * Component: ARM::CMSIS:CORE:4.1.0

   * Component: Keil::Device:StdPeriph Drivers:Framework:1.3.1
      Source file:   Device\StdPeriph_Driver\src\misc.c
      Source file:   Device\StdPeriph_Driver\templates\stm32f4xx_it.c
      Source file:   Device\StdPeriph_Driver\templates\stm32f4xx_conf.h
      Include file:  Device\StdPeriph_Driver\templates\stm32f4xx_it.h

   * Component: Keil::Device:Startup:1.3.1
      Source file:   Device\Source\ARM\STM32F4xx_OTP.s
      Source file:   Device\Source\ARM\STM32F40xxx_41xxx_OPT.s
      Source file:   Device\Source\ARM\startup_stm32f40_41xxx.s
      Source file:   Device\Source\system_stm32f4xx.c
      Include file:  RTE_Driver\Config\RTE_Device.h
      Include file:  Device\Include\stm32f4xx.h

   * Component: Keil::Device:StdPeriph Drivers:RCC:1.3.0
      Source file:   Device\StdPeriph_Driver\src\stm32f4xx_rcc.c
      Include file:  Device\StdPeriph_Driver\inc\stm32f4xx_rcc.h

   * Component: Keil::Device:GPIO:1.0.1
      Include file:  RTE_Driver\GPIO_STM32F4xx.h
      Source file:   RTE_Driver\GPIO_STM32F4xx.c

   * Component: Keil::Device:StdPeriph Drivers:TIM:1.3.0
      Source file:   Device\StdPeriph_Driver\src\stm32f4xx_tim.c
      Include file:  Device\StdPeriph_Driver\inc\stm32f4xx_tim.h

   * Component: Keil::Device:StdPeriph Drivers:USART:1.3.0
      Source file:   Device\StdPeriph_Driver\src\stm32f4xx_usart.c
      Include file:  Device\StdPeriph_Driver\inc\stm32f4xx_usart.h

   * Component: Keil.MCBSTM32F400::Board Support:MCBSTM32F400:LED:1.0.0
      Include file:  Boards\Keil\MCBSTM32F400\Common\LED.h
      Source file:   Boards\Keil\MCBSTM32F400\Common\LED.c
</pre>
</body>
</html>
