<html>
<body>
<pre>
<h1>µVision Build Log</h1>
<h2>Tool Versions:</h2>
IDE-Version: ¦ÌVision V5.15
Copyright (C) 2015 ARM Ltd and ARM Germany GmbH. All rights reserved.
License Information: G Q, xidian, LIC=----
 
Tool Versions:
Toolchain:       MDK-Lite  Version: 5.15.0
Toolchain Path:  D:\files\keilARM\ARM\ARMCC\Bin
C Compiler:      Armcc.exe V5.05 update 2 (build 169)
Assembler:       Armasm.exe V5.05 update 2 (build 169)
Linker/Locator:  ArmLink.exe V5.05 update 2 (build 169)
Library Manager: ArmAr.exe V5.05 update 2 (build 169)
Hex Converter:   FromElf.exe V5.05 update 2 (build 169)
CPU DLL:         SARMCM3.DLL V5.15.0
Dialog DLL:      DCM.DLL V1.13.2.0
Target DLL:      STLink\ST-LINKIII-KEIL_SWO.dll V2.0.15.0_KEIL
Dialog DLL:      TCM.DLL V1.14.5.0
 
<h2>Project:</h2>
D:\Desktop\weiyuan\tp1\tp.uvprojx
Project File Date:  05/04/2023

<h2>Output:</h2>
*** Using Compiler 'V5.05 update 2 (build 169)', folder: 'D:\files\keilARM\ARM\ARMCC\Bin'
Rebuild target 'Target 1'
compiling main.c...
main.c(47): warning:  #1-D: last line of file ends without a newline
  }
main.c: 1 warning, 0 errors
compiling LED.c...
compiling GPIO_STM32F4xx.c...
assembling startup_stm32f40_41xxx.s...
compiling system_stm32f4xx.c...
linking...
Program Size: Code=848 RO-data=408 RW-data=0 ZI-data=1632  
".\Objects\tp.axf" - 0 Error(s), 1 Warning(s).

<h2>Software Packages used:</h2>

Package Vendor: ARM
                http://www.keil.com/pack/ARM.CMSIS.4.3.0.pack
                ARM::CMSIS:CORE:4.1.0
                CMSIS (Cortex Microcontroller Software Interface Standard)
   * Component: CORE Version: 4.1.0

Package Vendor: Keil
                http://www.keil.com/pack/Keil.STM32F4xx_DFP.1.0.8.pack
                Keil::Device:GPIO:1.0.1
                STMicroelectronics STM32F4 Series Device Support, Drivers and Examples
   * Component: GPIO Version: 1.0.1
   * Component: Startup Version: 1.3.1
   * Component: LED Version: 1.0.0

<h2>Collection of Component include folders:</h2>
  D:\Desktop\weiyuan\tp1\RTE
  D:\Desktop\weiyuan\tp1\RTE\Device\STM32F407VG
  D:\files\keilARM\ARM\PACK\ARM\CMSIS\4.3.0\CMSIS\Include
  D:\files\keilARM\ARM\PACK\Keil\STM32F4xx_DFP\1.0.8\Boards\ST\STM32F4-Discovery\Common
  D:\files\keilARM\ARM\PACK\Keil\STM32F4xx_DFP\1.0.8\Device\Include
  D:\files\keilARM\ARM\PACK\Keil\STM32F4xx_DFP\1.0.8\RTE_Driver

<h2>Collection of Component Files used:</h2>

   * Component: ARM::CMSIS:CORE:4.1.0

   * Component: Keil::Device:GPIO:1.0.1
      Source file:   RTE_Driver\GPIO_STM32F4xx.c
      Include file:  RTE_Driver\GPIO_STM32F4xx.h

   * Component: Keil::Device:Startup:1.3.1
      Include file:  RTE_Driver\Config\RTE_Device.h
      Source file:   Device\Source\system_stm32f4xx.c
      Include file:  Device\Include\stm32f4xx.h
      Source file:   Device\Source\ARM\startup_stm32f40_41xxx.s
      Source file:   Device\Source\ARM\STM32F40xxx_41xxx_OPT.s
      Source file:   Device\Source\ARM\STM32F4xx_OTP.s

   * Component: Keil.STM32F4-Discovery::Board Support:STM32F4-Discovery:LED:1.0.0
      Include file:  Boards\ST\STM32F4-Discovery\Common\LED.h
      Source file:   Boards\ST\STM32F4-Discovery\Common\LED.c
</pre>
</body>
</html>
